<html>
<body>
<pre>
<h1>µVision Build Log</h1>
<h2>Project:</h2>
C:\Users\Nody\Desktop\Lab15_SpaceInvadersv1.2\SpaceInvaders.uvproj
Project File Date:  05/21/2017

<h2>Output:</h2>
Build target 'SpaceInvaders'
linking...
Program Size: Code=7464 RO-data=4228 RW-data=120 ZI-data=2000  
".\SpaceInvaders.axf" - 0 Error(s), 0 Warning(s).
</pre>
</body>
</html>
:  #177-D: variable "currentScore" was declared but never referenced
        int Result, maxScore, minScore, currentScore, j;
SpaceInvaders.c: 2 warnings, 0 errors
linking...
Program Size: Code=7464 RO-data=4228 RW-data=120 ZI-data=2000  
".\SpaceInvaders.axf" - 0 Error(s), 2 Warning(s).
Load "C:\\Users\\Nody\\Desktop\\Lab15_SpaceInvadersv1.2\\SpaceInvaders.axf" 
Connecting: Mode=JTAG, Speed=1000000Hz
Erase Done.
Programming Done.
Verify OK.
Load "C:\\Users\\Nody\\Desktop\\Lab15_SpaceInvadersv1.2\\SpaceInvaders.axf" 
Connecting: Mode=JTAG, Speed=1000000Hz
Erase Done.
Programming Failed!
Error: Flash Download failed  -  "Cortex-M4"
Load "C:\\Users\\Nody\\Desktop\\Lab15_SpaceInvadersv1.2\\SpaceInvaders.axf" 
Connecting: Mode=JTAG, Speed=1000000Hz
Erase Done.
Programming Done.
Verify OK.
Load "C:\\Users\\Nody\\Desktop\\Lab15_SpaceInvadersv1.2\\SpaceInvaders.axf" 
Connecting: Mode=JTAG, Speed=1000000Hz
Erase Done.
Programming Done.
Verify OK.
