<html>
<body>
<pre>
<h1>µVision Build Log</h1>
<h2>Project:</h2>
C:\Users\Nody\Desktop\test\Lab15_SpaceInvadersv1.1\SpaceInvaders.uvproj
Project File Date:  05/19/2017

<h2>Output:</h2>
Build target 'SpaceInvaders'
compiling SpaceInvaders.c...
Nokia5110.h(272): warning:  #1-D: last line of file ends without a newline
  void fun(void);
SpaceInvaders.c(455): warning:  #177-D: variable "currentScore" was declared but never referenced
        int Result, maxScore, minScore, currentScore, j;
SpaceInvaders.c: 2 warnings, 0 errors
linking...
Program Size: Code=7592 RO-data=4228 RW-data=120 ZI-data=2000  
".\SpaceInvaders.axf" - 0 Error(s), 2 Warning(s).
</pre>
</body>
</html>
